============================= test session starts =============================
platform win32 -- Python 3.11.7, pytest-9.0.2, pluggy-1.6.0 -- C:\Users\User\IdeaProjects\SSP Term Project\.venv\Scripts\python.exe
cachedir: .pytest_cache
rootdir: C:\Users\User\IdeaProjects\SSP Term Project
plugins: anyio-4.13.0, cov-5.0.0
collecting ... collected 11 items

tests/test_comparator.py::test_load_yaml_files PASSED                    [  9%]
tests/test_comparator.py::test_compare_element_names PASSED              [ 18%]
tests/test_comparator.py::test_compare_element_requirements PASSED       [ 27%]
tests/test_executor.py::test_load_diff_files PASSED                      [ 36%]
tests/test_executor.py::test_determine_controls PASSED                   [ 45%]
tests/test_executor.py::test_save_csv PASSED                             [ 54%]
tests/test_extractor.py::test_load_documents PASSED                      [ 63%]
tests/test_extractor.py::test_zero_shot_prompt PASSED                    [ 72%]
tests/test_extractor.py::test_few_shot_prompt PASSED                     [ 81%]
tests/test_extractor.py::test_chain_of_thought_prompt PASSED             [ 90%]
tests/test_extractor.py::test_collect_llm_outputs PASSED                 [100%]

============================= 11 passed in 44.75s =============================
